// Jest Snapshot v1, https://goo.gl/fbAQLP

exports[`renders without crashing 1`] = `
<div
  className="card"
>
  <div
    className="card-header"
  >
    Balance
  </div>
  <div
    className="card-body"
  >
    10
  </div>
</div>
`;
